💰 예수금 60,362원 | KODEX200 RSI57/+0.0% 상승추세⬆️  | 매수기준 점수3pt↑
📦 보유 카카오(035720) 1주 -0.9%

코드      종목명           가격    RSI     변화율    거래량     BB   호가비  B/S
────────────────────────────────────────────────────────────────────────
[2단계 분석 대상: 035720, 272210, 055550, 015760, 003670, 247540]
011200  HMM       22,100    0.0    +0.0%    0.0x     중간  0.07  0pt/0 [일봉]
015760  한국전력      40,600   66.7    +0.0%    0.0x     하단 29.72  4pt/0 [5분]
035720  카카오       40,450   37.5    +0.0%    0.0x     하단  0.60  1pt/0 [5분]
030200  KT        56,400    0.0    +0.0%    0.0x     중간 10.78  2pt/0 [일봉]
003490  대한항공      29,300    0.0    +0.0%    0.0x     중간  1.93  1pt/0 [일봉]
004020  현대제철      36,200    0.0    +0.0%    0.0x     중간  0.14  0pt/0 [일봉]

══════════════════════════════════════════════════
⏰ 장 미개장 (9:00 전) — 신규 매수 중단
→ 전종목 HOLD
✅ Discord 전송 완료

[08:50] HOLD | KODEX RSI57/+0.0%⬆️ | 보유:카카오(035720) -0.9% | 최고신호 한국전력(015760) 4pt/3pt [호가29.7★ / MA골든 / BB반등]
💰 예수금 60,362원 | KODEX200 RSI57/+0.0% 상승추세⬆️  | 매수기준 점수3pt↑
📦 보유 카카오(035720) 1주 -0.9%

코드      종목명           가격    RSI     변화율    거래량     BB   호가비  B/S
────────────────────────────────────────────────────────────────────────
[2단계 분석 대상: 035720, 403870, 017670, 272210, 096770, 329180]
011200  HMM       21,850    0.0    +0.0%    0.0x     중간  0.55  0pt/0 [일봉]
015760  한국전력      40,800    0.0    +0.0%    0.0x     중간  2.94  2pt/0 [일봉]
035720  카카오       40,500   37.5    -0.1%    0.0x     하단  0.91  0pt/0 [5분]
030200  KT        56,300    0.0    +0.0%    0.0x     중간  0.67  0pt/0 [일봉]
003490  대한항공      29,100    0.0    +0.0%    0.0x     중간  3.39  2pt/0 [일봉]
004020  현대제철      36,250    0.0    +0.0%    0.0x     중간  2.20  2pt/0 [일봉]

══════════════════════════════════════════════════
⏰ 9:20 이전 보유종목 감지 — 전일 잔류 포지션 즉시 청산
⏰ 시초가 혼조 (9:30 전) — 신규 매수 중단
→ 전종목 HOLD
✅ Discord 전송 완료

[09:00] HOLD | KODEX RSI57/+0.0%⬆️ | 보유:카카오(035720) -0.9% | 최고신호 한국전력(015760) 2pt/3pt [호가2.9★]
💰 예수금 60,362원 | KODEX200 RSI56/-0.9% 상승추세⬆️  | 매수기준 점수3pt↑
📦 보유 카카오(035720) 1주 -1.9%

코드      종목명           가격    RSI     변화율    거래량     BB   호가비  B/S
────────────────────────────────────────────────────────────────────────
[2단계 분석 대상: 035720, 086790, 086520, 003490, 017670, 247540]
011200  HMM       22,200    0.0    +0.0%    0.0x     중간  0.38  2pt/0 [일봉]
015760  한국전력      40,950    0.0    +0.0%    0.0x     중간  0.71  2pt/0 [일봉]
035720  카카오       40,000   37.5    -1.2%    0.0x     하단  1.98  1pt/0 [5분]
030200  KT        56,300    0.0    +0.0%    0.0x     중간  0.86  2pt/0 [일봉]
003490  대한항공      29,150   36.8    -0.7%    0.1x     하단  5.47  2pt/0 [5분]
004020  현대제철      35,750    0.0    +0.0%    0.0x     중간  2.28  4pt/0 [일봉]

══════════════════════════════════════════════════
⏰ 9:20 이전 보유종목 감지 — 전일 잔류 포지션 즉시 청산
🟡 SELL(비상손절🔴) 카카오(035720) -1.9% [전일잔류청산] 신뢰도0.9
💰 예수금: 60,364원
📊 카카오(035720) 매도1호가: 39,950원 | 매수1호가: 39,900원
📌 SELL 지정가: 39,900원 × 1주
✅ 접수 | 매도 주문 접수: 카카오 1주 (주문번호: 0111072)
⏰ 시초가 혼조 (9:30 전) — 신규 매수 중단
✅ Discord 전송 완료

[09:02] 🟡SELL | KODEX RSI56/-0.9%⬆️ | 예수금 60,362원

🟡 카카오(035720)  손실-1.9%  RSI38 BB하단  [전일잔류청산]
📦 카카오 -1.9%

🔶 현대제철  4pt/3pt  RSI0 +0.0%  [강세+0.9%★·호가2.3★]
🔶 HMM  2pt/3pt  RSI0 +0.0%  [강세+0.9%★]
🔶 한국전력  2pt/3pt  RSI0 +0.0%  [강세+0.9%★]
🔶 KT  2pt/3pt  RSI0 +0.0%  [강세+0.9%★]
🔶 대한항공  2pt/3pt  RSI37 -0.7%  [호가5.5★]
💰 예수금 100,264원 | KODEX200 RSI56/-1.0% 상승추세⬆️  | 매수기준 점수3pt↑

코드      종목명           가격    RSI     변화율    거래량     BB   호가비  B/S
────────────────────────────────────────────────────────────────────────
[2단계 분석 대상: 017670, 003490, 035720, 005930, 247540]
403870  HPSP      69,200    0.0    +0.0%    0.0x     중간  0.29  2pt/0 [일봉]
011200  HMM       22,950    0.0    +0.0%    0.0x     중간  0.41  2pt/0 [일봉]
015760  한국전력      41,550    0.0    +0.0%    0.0x     중간  0.24  2pt/0 [일봉]
035720  카카오       39,950   30.0    -1.2%    0.0x     하단  5.62  2pt/0 [5분]
017670  SK텔레콤     98,700   48.0    -1.4%    0.0x     하단 11.67  4pt/0 [5분]
030200  KT        56,300    0.0    +0.0%    0.0x     중간  0.93  2pt/0 [일봉]
003490  대한항공      28,900   22.9    -1.5%    0.1x     하단 10.93  2pt/0 [5분]
004020  현대제철      36,250    0.0    +0.0%    0.0x     중간  0.42  2pt/0 [일봉]
078930  GS        78,200    0.0    +0.0%    0.0x     중간  2.64  4pt/0 [일봉]

══════════════════════════════════════════════════
⏰ 시초가 혼조 (9:30 전) — 신규 매수 중단
→ 전종목 HOLD
✅ Discord 전송 완료

[09:04] HOLD | KODEX RSI56/-1.0%⬆️ | 보유:없음 | 최고신호 SK텔레콤(017670) 4pt/3pt [호가11.7★ / RSI48 / MA골든]
💰 예수금 100,264원 | KODEX200 RSI56/-0.8% 상승추세⬆️  | 매수기준 점수3pt↑

코드      종목명           가격    RSI     변화율    거래량     BB   호가비  B/S
────────────────────────────────────────────────────────────────────────
[2단계 분석 대상: 017670, 003490, 096770, 005930, 000880]
403870  HPSP      69,600    0.0    +0.0%    0.0x     중간  0.49  2pt/0 [일봉]
011200  HMM       23,050    0.0    +0.0%    0.0x     중간  0.17  2pt/0 [일봉]
015760  한국전력      42,600    0.0    +0.0%    0.0x     중간  0.33  2pt/0 [일봉]
035720  카카오       39,800    0.0    +0.0%    0.0x     중간  2.56  4pt/0 [일봉]
017670  SK텔레콤     98,600   48.0    -1.5%    0.0x     하단 11.29  4pt/0 [5분]
030200  KT        56,100    0.0    +0.0%    0.0x     중간  1.12  2pt/0 [일봉]
003490  대한항공      29,050   22.9    -0.3%    0.1x     하단  4.99  4pt/0 [5분]
004020  현대제철      35,850    0.0    +0.0%    0.0x     중간  2.68  4pt/0 [일봉]
078930  GS        77,900    0.0    +0.0%    0.0x     중간  3.17  4pt/0 [일봉]

══════════════════════════════════════════════════
⏰ 시초가 혼조 (9:30 전) — 신규 매수 중단
→ 전종목 HOLD
✅ Discord 전송 완료

[09:06] HOLD | KODEX RSI56/-0.8%⬆️ | 보유:없음 | 최고신호 카카오(035720) 4pt/3pt [강세+0.8%★ / 호가2.6★]
💰 예수금 100,264원 | KODEX200 RSI56/-0.6% 상승추세⬆️  | 매수기준 점수3pt↑

코드      종목명           가격    RSI     변화율    거래량     BB   호가비  B/S
────────────────────────────────────────────────────────────────────────
[2단계 분석 대상: 017670, 086520, 096770, 035720, 003490]
403870  HPSP      69,500    0.0    +0.0%    0.0x     중간  0.16  2pt/0 [일봉]
011200  HMM       23,000    0.0    +0.0%    0.0x     중간  0.35  2pt/0 [일봉]
015760  한국전력      42,350    0.0    +0.0%    0.0x     중간  0.26  2pt/0 [일봉]
035720  카카오       39,700   30.0    -1.7%    0.0x     하단  3.59  2pt/0 [5분]
017670  SK텔레콤     98,700   48.0    -1.5%    0.0x     하단 14.26  4pt/0 [5분]
030200  KT        56,100    0.0    +0.0%    0.0x     중간  0.90  2pt/0 [일봉]
003490  대한항공      29,150   22.9    -0.7%    0.1x     하단  3.48  2pt/0 [5분]
004020  현대제철      35,900    0.0    +0.0%    0.0x     중간  2.03  4pt/0 [일봉]
078930  GS        77,600    0.0    +0.0%    0.0x     중간  0.80  2pt/0 [일봉]

══════════════════════════════════════════════════
⏰ 시초가 혼조 (9:30 전) — 신규 매수 중단
→ 전종목 HOLD
✅ Discord 전송 완료

[09:08] HOLD | KODEX RSI56/-0.6%⬆️ | 보유:없음 | 최고신호 SK텔레콤(017670) 4pt/3pt [호가14.3★ / RSI48 / MA골든]
💰 예수금 100,264원 | KODEX200 RSI56/-0.9% 상승추세⬆️  | 매수기준 점수3pt↑

코드      종목명           가격    RSI     변화율    거래량     BB   호가비  B/S
────────────────────────────────────────────────────────────────────────
[2단계 분석 대상: 096770, 005930, 035720, 017670, 004020]
403870  HPSP      69,000    0.0    +0.0%    0.0x     중간  0.63  2pt/0 [일봉]
011200  HMM       22,800    0.0    +0.0%    0.0x     중간  0.46  2pt/0 [일봉]
015760  한국전력      42,900    0.0    +0.0%    0.0x     중간  0.21  2pt/0 [일봉]
035720  카카오       39,850   33.3    -1.5%    0.0x     하단  5.10  2pt/0 [5분]
017670  SK텔레콤     99,200   52.2    -0.9%    0.0x     하단  4.96  4pt/0 [5분]
030200  KT        56,100    0.0    +0.0%    0.0x     중간  1.15  2pt/0 [일봉]
003490  대한항공      29,300    0.0    +0.0%    0.0x     중간  1.86  3pt/0 [일봉]
004020  현대제철      35,900   45.5    -0.3%    0.1x     하단  3.38  6pt/0 [5분]
078930  GS        77,600    0.0    +0.0%    0.0x     중간  1.02  2pt/0 [일봉]

══════════════════════════════════════════════════
⏰ 시초가 혼조 (9:30 전) — 신규 매수 중단
→ 전종목 HOLD
✅ Discord 전송 완료

[09:10] HOLD | KODEX RSI56/-0.9%⬆️ | 보유:없음 | 최고신호 현대제철(004020) 6pt/3pt [강세+0.7%★ / 호가3.4★ / RSI46 / MA골든]
💰 예수금 100,264원 | KODEX200 RSI56/-0.9% 상승추세⬆️  | 매수기준 점수3pt↑

코드      종목명           가격    RSI     변화율    거래량     BB   호가비  B/S
────────────────────────────────────────────────────────────────────────
[2단계 분석 대상: 096770, 055550, 272210, 000150, 403870]
403870  HPSP      68,700   68.2    +3.8%    0.3x     하단  5.36  7pt/0 [5분]
011200  HMM       22,800    0.0    +0.0%    0.0x     중간  0.32  2pt/0 [일봉]
015760  한국전력      43,050    0.0    +0.0%    0.0x     중간  0.36  2pt/0 [일봉]
035720  카카오       39,800    0.0    +0.0%    0.0x     중간  3.56  4pt/0 [일봉]
017670  SK텔레콤     99,500    0.0    +0.0%    0.0x     중간  3.19  4pt/0 [일봉]
030200  KT        56,200    0.0    +0.0%    0.0x     중간  2.58  4pt/0 [일봉]
003490  대한항공      29,400    0.0    +0.0%    0.0x     중간  0.60  2pt/0 [일봉]
004020  현대제철      35,950    0.0    +0.0%    0.0x     중간  2.27  4pt/0 [일봉]
078930  GS        77,300    0.0    +0.0%    0.0x     중간  0.57  2pt/0 [일봉]

══════════════════════════════════════════════════
⏰ 시초가 혼조 (9:30 전) — 신규 매수 중단
→ 전종목 HOLD
✅ Discord 전송 완료

[09:12] HOLD | KODEX RSI56/-0.9%⬆️ | 보유:없음 | 최고신호 HPSP(403870) 7pt/3pt [강세+4.7%★★ / 호가5.4★ / MA골든 / BB반등]
💰 예수금 100,264원 | KODEX200 RSI56/-0.7% 상승추세⬆️  | 매수기준 점수3pt↑

코드      종목명           가격    RSI     변화율    거래량     BB   호가비  B/S
────────────────────────────────────────────────────────────────────────
[2단계 분석 대상: 096770, 086520, 272210, 035720, 247540]
403870  HPSP      67,600    0.0    +0.0%    0.0x     중간  1.61  3pt/0 [일봉]
011200  HMM       22,600    0.0    +0.0%    0.0x     중간  0.75  2pt/0 [일봉]
015760  한국전력      42,750    0.0    +0.0%    0.0x     중간  0.32  2pt/0 [일봉]
035720  카카오       39,800   45.5    -1.7%    0.1x     하단  5.97  3pt/0 [5분]
017670  SK텔레콤     99,200    0.0    +0.0%    0.0x     중간  2.66  4pt/0 [일봉]
030200  KT        56,200    0.0    +0.0%    0.0x     중간  2.33  4pt/0 [일봉]
003490  대한항공      29,100    0.0    +0.0%    0.0x     중간  2.49  4pt/0 [일봉]
004020  현대제철      35,450    0.0    +0.0%    0.0x     중간  2.17  4pt/0 [일봉]
078930  GS        77,000    0.0    +0.0%    0.0x     중간  0.56  2pt/0 [일봉]

══════════════════════════════════════════════════
⏰ 시초가 혼조 (9:30 전) — 신규 매수 중단
→ 전종목 HOLD
✅ Discord 전송 완료

[09:14] HOLD | KODEX RSI56/-0.7%⬆️ | 보유:없음 | 최고신호 SK텔레콤(017670) 4pt/3pt [강세+0.7%★ / 호가2.7★]
💰 예수금 100,264원 | KODEX200 RSI56/-0.8% 상승추세⬆️  | 매수기준 점수3pt↑

코드      종목명           가격    RSI     변화율    거래량     BB   호가비  B/S
────────────────────────────────────────────────────────────────────────
[2단계 분석 대상: 096770, 086520, 035720, 017670, 078930]
403870  HPSP      66,300    0.0    +0.0%    0.0x     중간  1.31  3pt/0 [일봉]
011200  HMM       22,850    0.0    +0.0%    0.0x     중간  0.28  2pt/0 [일봉]
015760  한국전력      42,750    0.0    +0.0%    0.0x     중간  0.15  2pt/0 [일봉]
035720  카카오       39,900   45.5    -1.4%    0.1x     하단  5.69  3pt/0 [5분]
017670  SK텔레콤     99,100   50.0    -0.9%    0.1x     하단  5.07  4pt/0 [5분]
030200  KT        56,400    0.0    +0.0%    0.0x     중간  2.92  4pt/0 [일봉]
003490  대한항공      29,100    0.0    +0.0%    0.0x     중간  2.59  4pt/0 [일봉]
004020  현대제철      35,650    0.0    +0.0%    0.0x     중간  2.44  4pt/0 [일봉]
078930  GS        77,200   50.0    -2.6%    0.1x     상단  4.67  5pt/0 [5분]

══════════════════════════════════════════════════
⏰ 시초가 혼조 (9:30 전) — 신규 매수 중단
→ 전종목 HOLD
✅ Discord 전송 완료

[09:16] HOLD | KODEX RSI56/-0.8%⬆️ | 보유:없음 | 최고신호 GS(078930) 5pt/3pt [호가4.7★ / RSI50 / 고점돌파★]
💰 예수금 100,264원 | KODEX200 RSI56/-0.7% 상승추세⬆️  | 매수기준 점수3pt↑

코드      종목명           가격    RSI     변화율    거래량     BB   호가비  B/S
────────────────────────────────────────────────────────────────────────
[2단계 분석 대상: 096770, 086520, 000720, 035720, 272210]
403870  HPSP      67,100    0.0    +0.0%    0.0x     중간  2.01  4pt/0 [일봉]
011200  HMM       22,650    0.0    +0.0%    0.0x     중간  0.44  2pt/0 [일봉]
015760  한국전력      42,300    0.0    +0.0%    0.0x     중간  1.21  2pt/0 [일봉]
035720  카카오       39,900   45.5    -1.5%    0.1x     하단  7.56  3pt/0 [5분]
017670  SK텔레콤     99,100    0.0    +0.0%    0.0x     중간  4.28  4pt/0 [일봉]
030200  KT        56,300    0.0    +0.0%    0.0x     중간  2.99  4pt/0 [일봉]
003490  대한항공      28,950    0.0    +0.0%    0.0x     중간  5.23  4pt/0 [일봉]
004020  현대제철      35,350    0.0    +0.0%    0.0x     중간  4.36  4pt/0 [일봉]
078930  GS        77,000    0.0    +0.0%    0.0x     중간  3.13  4pt/0 [일봉]

══════════════════════════════════════════════════
⏰ 시초가 혼조 (9:30 전) — 신규 매수 중단
→ 전종목 HOLD
✅ Discord 전송 완료

[09:18] HOLD | KODEX RSI56/-0.7%⬆️ | 보유:없음 | 최고신호 HPSP(403870) 4pt/3pt [강세+0.7%★ / 호가2.0★]
💰 예수금 100,264원 | KODEX200 RSI56/-0.5% 상승추세⬆️  | 매수기준 점수3pt↑

코드      종목명           가격    RSI     변화율    거래량     BB   호가비  B/S
────────────────────────────────────────────────────────────────────────
[2단계 분석 대상: 010950, 004020, 086520, 017670, 035720]
403870  HPSP      66,200    0.0    +0.0%    0.0x     중간  2.36  4pt/0 [일봉]
011200  HMM       22,500    0.0    +0.0%    0.0x     중간  1.75  3pt/0 [일봉]
015760  한국전력      42,300    0.0    +0.0%    0.0x     중간  0.29  2pt/0 [일봉]
035720  카카오       39,900   50.0    -1.4%    0.1x     하단  7.31  3pt/0 [5분]
017670  SK텔레콤     98,900   47.8    -1.5%    0.1x     하단  7.40  4pt/0 [5분]
030200  KT        56,300    0.0    +0.0%    0.0x     중간  5.55  4pt/0 [일봉]
003490  대한항공      28,800    0.0    +0.0%    0.0x     중간  3.42  4pt/0 [일봉]
004020  현대제철      35,250   75.0    -1.9%    0.1x     하단  7.42  3pt/0 [5분]
078930  GS        76,800    0.0    +0.0%    0.0x     중간  1.64  3pt/0 [일봉]

══════════════════════════════════════════════════
🚫 HPSP(403870) 4pt 차단: RSI=0(데이터없음)
🚫 HMM(011200) 3pt 차단: RSI=0(데이터없음)
🚫 카카오(035720) 3pt 차단: chg-1.4%<기준
🚫 SK텔레콤(017670) 4pt 차단: chg-1.5%<기준
🚫 KT(030200) 4pt 차단: RSI=0(데이터없음)
🚫 대한항공(003490) 4pt 차단: RSI=0(데이터없음)
🚫 현대제철(004020) 3pt 차단: chg-1.9%<기준
🚫 GS(078930) 3pt 차단: RSI=0(데이터없음)
→ 전종목 HOLD
✅ Discord 전송 완료

[09:20] HOLD | KODEX RSI56/-0.5%⬆️ | 보유:없음 | 최고신호 HPSP(403870) 4pt/3pt [강세+0.5%★ / 호가2.4★]
💰 예수금 100,264원 | KODEX200 RSI56/-0.6% 상승추세⬆️  | 매수기준 점수3pt↑

코드      종목명           가격    RSI     변화율    거래량     BB   호가비  B/S
────────────────────────────────────────────────────────────────────────
[2단계 분석 대상: 272210, 096770, 000720, 247540, 000270]
403870  HPSP      65,200    0.0    +0.0%    0.0x     중간  4.58  4pt/0 [일봉]
011200  HMM       22,600    0.0    +0.0%    0.0x     중간  0.70  2pt/0 [일봉]
015760  한국전력      42,500    0.0    +0.0%    0.0x     중간  0.48  2pt/0 [일봉]
035720  카카오       40,150    0.0    +0.0%    0.0x     중간  3.64  4pt/0 [일봉]
017670  SK텔레콤     99,100    0.0    +0.0%    0.0x     중간  2.79  4pt/0 [일봉]
030200  KT        56,500    0.0    +0.0%    0.0x     중간  3.91  4pt/0 [일봉]
003490  대한항공      28,850    0.0    +0.0%    0.0x     중간  4.36  4pt/0 [일봉]
004020  현대제철      35,400    0.0    +0.0%    0.0x     중간  4.93  4pt/0 [일봉]
078930  GS        77,100    0.0    +0.0%    0.0x     중간  2.96  4pt/0 [일봉]

══════════════════════════════════════════════════
🚫 HPSP(403870) 4pt 차단: RSI=0(데이터없음)
🚫 카카오(035720) 4pt 차단: RSI=0(데이터없음)
🚫 SK텔레콤(017670) 4pt 차단: RSI=0(데이터없음)
🚫 KT(030200) 4pt 차단: RSI=0(데이터없음)
🚫 대한항공(003490) 4pt 차단: RSI=0(데이터없음)
🚫 현대제철(004020) 4pt 차단: RSI=0(데이터없음)
🚫 GS(078930) 4pt 차단: RSI=0(데이터없음)
→ 전종목 HOLD
✅ Discord 전송 완료

[09:22] HOLD | KODEX RSI56/-0.6%⬆️ | 보유:없음 | 최고신호 HPSP(403870) 4pt/3pt [강세+0.6%★ / 호가4.6★]
💰 예수금 100,264원 | KODEX200 RSI56/-0.8% 상승추세⬆️  | 매수기준 점수3pt↑

코드      종목명           가격    RSI     변화율    거래량     BB   호가비  B/S
────────────────────────────────────────────────────────────────────────
[2단계 분석 대상: 000720, 272210, 247540, 004020, 010950]
403870  HPSP      64,500    0.0    +0.0%    0.0x     중간  2.66  4pt/0 [일봉]
011200  HMM       22,700    0.0    +0.0%    0.0x     중간  0.66  2pt/0 [일봉]
015760  한국전력      42,400    0.0    +0.0%    0.0x     중간  1.20  2pt/0 [일봉]
035720  카카오       40,100    0.0    +0.0%    0.0x     중간  3.64  4pt/0 [일봉]
017670  SK텔레콤     98,900    0.0    +0.0%    0.0x     중간  5.51  4pt/0 [일봉]
030200  KT        56,500    0.0    +0.0%    0.0x     중간  4.12  4pt/0 [일봉]
003490  대한항공      28,850    0.0    +0.0%    0.0x     중간  4.51  4pt/0 [일봉]
004020  현대제철      35,200   65.2    -1.8%    0.1x     하단  6.68  5pt/0 [5분]
078930  GS        76,900    0.0    +0.0%    0.0x     중간  2.79  4pt/0 [일봉]

══════════════════════════════════════════════════
🚫 HPSP(403870) 4pt 차단: RSI=0(데이터없음)
🚫 카카오(035720) 4pt 차단: RSI=0(데이터없음)
🚫 SK텔레콤(017670) 4pt 차단: RSI=0(데이터없음)
🚫 KT(030200) 4pt 차단: RSI=0(데이터없음)
🚫 대한항공(003490) 4pt 차단: RSI=0(데이터없음)
🚫 현대제철(004020) 5pt 차단: chg-1.8%<기준
🚫 GS(078930) 4pt 차단: RSI=0(데이터없음)
→ 전종목 HOLD
✅ Discord 전송 완료

[09:24] HOLD | KODEX RSI56/-0.8%⬆️ | 보유:없음 | 최고신호 현대제철(004020) 5pt/3pt [호가6.7★ / 연속상승 / 볼륨급증 / MA골든]
💰 예수금 100,264원 | KODEX200 RSI56/-0.6% 상승추세⬆️  | 매수기준 점수3pt↑

코드      종목명           가격    RSI     변화율    거래량     BB   호가비  B/S
────────────────────────────────────────────────────────────────────────
[2단계 분석 대상: 010950, 066970, 247540, 004020, 272210]
403870  HPSP      65,000    0.0    +0.0%    0.0x     중간  2.65  4pt/0 [일봉]
011200  HMM       22,650    0.0    +0.0%    0.0x     중간  0.64  2pt/0 [일봉]
015760  한국전력      42,000    0.0    +0.0%    0.0x     중간  0.79  2pt/0 [일봉]
035720  카카오       40,050    0.0    +0.0%    0.0x     중간  3.52  4pt/0 [일봉]
017670  SK텔레콤     98,900    0.0    +0.0%    0.0x     중간  4.20  4pt/0 [일봉]
030200  KT        56,400    0.0    +0.0%    0.0x     중간  4.11  4pt/0 [일봉]
003490  대한항공      28,850    0.0    +0.0%    0.0x     중간  5.58  4pt/0 [일봉]
004020  현대제철      35,350   65.2    -1.4%    0.1x     하단  5.80  5pt/0 [5분]
078930  GS        76,900    0.0    +0.0%    0.0x     중간  4.29  4pt/0 [일봉]

══════════════════════════════════════════════════
🚫 HPSP(403870) 4pt 차단: RSI=0(데이터없음)
🚫 카카오(035720) 4pt 차단: RSI=0(데이터없음)
🚫 SK텔레콤(017670) 4pt 차단: RSI=0(데이터없음)
🚫 KT(030200) 4pt 차단: RSI=0(데이터없음)
🚫 대한항공(003490) 4pt 차단: RSI=0(데이터없음)
🚫 현대제철(004020) 5pt 차단: chg-1.4%<기준
🚫 GS(078930) 4pt 차단: RSI=0(데이터없음)
→ 전종목 HOLD
✅ Discord 전송 완료

[09:26] HOLD | KODEX RSI56/-0.6%⬆️ | 보유:없음 | 최고신호 현대제철(004020) 5pt/3pt [호가5.8★ / 연속상승 / 볼륨급증 / MA골든]
💰 예수금 100,264원 | KODEX200 RSI56/-0.9% 상승추세⬆️  | 매수기준 점수3pt↑

코드      종목명           가격    RSI     변화율    거래량     BB   호가비  B/S
────────────────────────────────────────────────────────────────────────
[2단계 분석 대상: 010950, 078930, 000150, 005930, 004020]
403870  HPSP      65,500    0.0    +0.0%    0.0x     중간  2.57  4pt/0 [일봉]
011200  HMM       22,700    0.0    +0.0%    0.0x     중간  0.57  2pt/0 [일봉]
015760  한국전력      42,000    0.0    +0.0%    0.0x     중간  0.72  2pt/0 [일봉]
035720  카카오       40,250    0.0    +0.0%    0.0x     중간  1.10  2pt/0 [일봉]
017670  SK텔레콤     99,200    0.0    +0.0%    0.0x     중간  2.08  4pt/0 [일봉]
030200  KT        56,500    0.0    +0.0%    0.0x     중간  1.22  2pt/0 [일봉]
003490  대한항공      28,950    0.0    +0.0%    0.0x     중간  3.71  4pt/0 [일봉]
004020  현대제철      35,400   65.2    -1.4%    0.1x     하단  4.13  5pt/0 [5분]
078930  GS        77,200   55.6    -2.6%    0.1x     상단  7.46  5pt/0 [5분]

══════════════════════════════════════════════════
🚫 HPSP(403870) 4pt 차단: RSI=0(데이터없음)
🚫 SK텔레콤(017670) 4pt 차단: RSI=0(데이터없음)
🚫 대한항공(003490) 4pt 차단: RSI=0(데이터없음)
🚫 현대제철(004020) 5pt 차단: chg-1.4%<기준
🚫 GS(078930) 5pt 차단: chg-2.6%<기준
→ 전종목 HOLD
✅ Discord 전송 완료

[09:28] HOLD | KODEX RSI56/-0.9%⬆️ | 보유:없음 | 최고신호 현대제철(004020) 5pt/3pt [호가4.1★ / 연속상승 / 볼륨급증 / MA골든]
💰 예수금 100,264원 | KODEX200 RSI56/-0.9% 상승추세⬆️  | 매수기준 점수3pt↑

코드      종목명           가격    RSI     변화율    거래량     BB   호가비  B/S
────────────────────────────────────────────────────────────────────────
[2단계 분석 대상: 010950, 004020, 005930, 000150, 000270]
403870  HPSP      66,500    0.0    +0.0%    0.0x     중간  0.60  2pt/0 [일봉]
011200  HMM       22,650    0.0    +0.0%    0.0x     중간  0.56  2pt/0 [일봉]
015760  한국전력      41,950    0.0    +0.0%    0.0x     중간  0.60  2pt/0 [일봉]
035720  카카오       40,250    0.0    +0.0%    0.0x     중간  0.98  2pt/0 [일봉]
017670  SK텔레콤     99,200    0.0    +0.0%    0.0x     중간  1.83  3pt/0 [일봉]
030200  KT        56,400    0.0    +0.0%    0.0x     중간  1.65  3pt/0 [일봉]
003490  대한항공      29,000    0.0    +0.0%    0.0x     중간  3.24  4pt/0 [일봉]
004020  현대제철      35,150   63.6    -1.9%    0.1x     하단  6.62  5pt/0 [5분]
078930  GS        77,300    0.0    +0.0%    0.0x     중간  2.91  4pt/0 [일봉]

══════════════════════════════════════════════════
🚫 SK텔레콤(017670) 3pt 차단: RSI=0(데이터없음)
🚫 KT(030200) 3pt 차단: RSI=0(데이터없음)
🚫 대한항공(003490) 4pt 차단: RSI=0(데이터없음)
🚫 현대제철(004020) 5pt 차단: chg-1.9%<기준
🚫 GS(078930) 4pt 차단: RSI=0(데이터없음)
→ 전종목 HOLD
✅ Discord 전송 완료

[09:30] HOLD | KODEX RSI56/-0.9%⬆️ | 보유:없음 | 최고신호 현대제철(004020) 5pt/3pt [호가6.6★ / RSI64 / 연속상승 / MA골든]
💰 예수금 100,264원 | KODEX200 RSI56/-0.7% 상승추세⬆️  | 매수기준 점수3pt↑

코드      종목명           가격    RSI     변화율    거래량     BB   호가비  B/S
────────────────────────────────────────────────────────────────────────
[2단계 분석 대상: 010950, 000720, 005930, 000150, 003490]
403870  HPSP      66,100    0.0    +0.0%    0.0x     중간  0.97  2pt/0 [일봉]
011200  HMM       22,550    0.0    +0.0%    0.0x     중간  0.63  2pt/0 [일봉]
015760  한국전력      41,650    0.0    +0.0%    0.0x     중간  2.39  4pt/0 [일봉]
035720  카카오       40,250    0.0    +0.0%    0.0x     중간  1.07  2pt/0 [일봉]
017670  SK텔레콤     99,200    0.0    +0.0%    0.0x     중간  1.91  3pt/0 [일봉]
030200  KT        56,500    0.0    +0.0%    0.0x     중간  1.21  2pt/0 [일봉]
003490  대한항공      28,900   21.4    -1.5%    0.2x     하단  4.35  2pt/0 [5분]
004020  현대제철      35,000    0.0    +0.0%    0.0x     중간  1.62  3pt/0 [일봉]
078930  GS        77,000    0.0    +0.0%    0.0x     중간  2.05  4pt/0 [일봉]

══════════════════════════════════════════════════
🚫 한국전력(015760) 4pt 차단: RSI=0(데이터없음)
🚫 SK텔레콤(017670) 3pt 차단: RSI=0(데이터없음)
🚫 현대제철(004020) 3pt 차단: RSI=0(데이터없음)
🚫 GS(078930) 4pt 차단: RSI=0(데이터없음)
→ 전종목 HOLD
✅ Discord 전송 완료

[09:32] HOLD | KODEX RSI56/-0.7%⬆️ | 보유:없음 | 최고신호 한국전력(015760) 4pt/3pt [강세+0.7%★ / 호가2.4★]
💰 예수금 100,264원 | KODEX200 RSI56/-0.8% 상승추세⬆️  | 매수기준 점수3pt↑

코드      종목명           가격    RSI     변화율    거래량     BB   호가비  B/S
────────────────────────────────────────────────────────────────────────
[2단계 분석 대상: 010950, 000720, 272210, 000150, 005930]
403870  HPSP      65,900    0.0    +0.0%    0.0x     중간  2.38  4pt/0 [일봉]
011200  HMM       22,600    0.0    +0.0%    0.0x     중간  0.57  2pt/0 [일봉]
015760  한국전력      41,800    0.0    +0.0%    0.0x     중간  1.73  3pt/0 [일봉]
035720  카카오       40,250    0.0    +0.0%    0.0x     중간  1.21  2pt/0 [일봉]
017670  SK텔레콤     99,300    0.0    +0.0%    0.0x     중간  1.78  3pt/0 [일봉]
030200  KT        56,500    0.0    +0.0%    0.0x     중간  1.32  3pt/0 [일봉]
003490  대한항공      29,100    0.0    +0.0%    0.0x     중간  1.92  3pt/0 [일봉]
004020  현대제철      35,050    0.0    +0.0%    0.0x     중간  3.43  4pt/0 [일봉]
078930  GS        76,300    0.0    +0.0%    0.0x     중간  1.22  2pt/0 [일봉]

══════════════════════════════════════════════════
🚫 HPSP(403870) 4pt 차단: RSI=0(데이터없음)
🚫 한국전력(015760) 3pt 차단: RSI=0(데이터없음)
🚫 SK텔레콤(017670) 3pt 차단: RSI=0(데이터없음)
🚫 KT(030200) 3pt 차단: RSI=0(데이터없음)
🚫 대한항공(003490) 3pt 차단: RSI=0(데이터없음)
🚫 현대제철(004020) 4pt 차단: RSI=0(데이터없음)
→ 전종목 HOLD
✅ Discord 전송 완료

[09:34] HOLD | KODEX RSI56/-0.8%⬆️ | 보유:없음 | 최고신호 HPSP(403870) 4pt/3pt [강세+0.8%★ / 호가2.4★]
💰 예수금 100,264원 | KODEX200 RSI56/-0.9% 상승추세⬆️  | 매수기준 점수3pt↑

코드      종목명           가격    RSI     변화율    거래량     BB   호가비  B/S
────────────────────────────────────────────────────────────────────────
[2단계 분석 대상: 010950, 000720, 247540, 000150, 005930]
403870  HPSP      65,300    0.0    +0.0%    0.0x     중간  4.57  4pt/0 [일봉]
011200  HMM       22,600    0.0    +0.0%    0.0x     중간  0.63  2pt/0 [일봉]
015760  한국전력      41,750    0.0    +0.0%    0.0x     중간  1.66  3pt/0 [일봉]
035720  카카오       40,250    0.0    +0.0%    0.0x     중간  1.26  2pt/0 [일봉]
017670  SK텔레콤     99,300    0.0    +0.0%    0.0x     중간  2.02  4pt/0 [일봉]
030200  KT        56,500    0.0    +0.0%    0.0x     중간  1.60  3pt/0 [일봉]
003490  대한항공      29,100    0.0    +0.0%    0.0x     중간  1.72  3pt/0 [일봉]
004020  현대제철      35,100    0.0    +0.0%    0.0x     중간  4.51  4pt/0 [일봉]
078930  GS        76,400    0.0    +0.0%    0.0x     중간  1.46  3pt/0 [일봉]

══════════════════════════════════════════════════
🚫 HPSP(403870) 4pt 차단: RSI=0(데이터없음)
🚫 한국전력(015760) 3pt 차단: RSI=0(데이터없음)
🚫 SK텔레콤(017670) 4pt 차단: RSI=0(데이터없음)
🚫 KT(030200) 3pt 차단: RSI=0(데이터없음)
🚫 대한항공(003490) 3pt 차단: RSI=0(데이터없음)
🚫 현대제철(004020) 4pt 차단: RSI=0(데이터없음)
🚫 GS(078930) 3pt 차단: RSI=0(데이터없음)
→ 전종목 HOLD
✅ Discord 전송 완료

[09:36] HOLD | KODEX RSI56/-0.9%⬆️ | 보유:없음 | 최고신호 HPSP(403870) 4pt/3pt [강세+0.9%★ / 호가4.6★]
💰 예수금 100,264원 | KODEX200 RSI56/-1.0% 상승추세⬆️  | 매수기준 점수3pt↑

코드      종목명           가격    RSI     변화율    거래량     BB   호가비  B/S
────────────────────────────────────────────────────────────────────────
[2단계 분석 대상: 000720, 000150, 010950, 272210, 005930]
403870  HPSP      65,600    0.0    +0.0%    0.0x     중간  2.91  4pt/0 [일봉]
011200  HMM       22,550    0.0    +0.0%    0.0x     중간  0.63  2pt/0 [일봉]
015760  한국전력      41,600    0.0    +0.0%    0.0x     중간  2.29  4pt/0 [일봉]
035720  카카오       40,250    0.0    +0.0%    0.0x     중간  1.25  2pt/0 [일봉]
017670  SK텔레콤     99,300    0.0    +0.0%    0.0x     중간  2.27  4pt/0 [일봉]
030200  KT        56,600    0.0    +0.0%    0.0x     중간  1.46  3pt/0 [일봉]
003490  대한항공      29,100    0.0    +0.0%    0.0x     중간  1.82  3pt/0 [일봉]
004020  현대제철      35,050    0.0    +0.0%    0.0x     중간  3.65  4pt/0 [일봉]
078930  GS        76,500    0.0    +0.0%    0.0x     중간  2.64  4pt/0 [일봉]

══════════════════════════════════════════════════
🚫 HPSP(403870) 4pt 차단: RSI=0(데이터없음)
🚫 한국전력(015760) 4pt 차단: RSI=0(데이터없음)
🚫 SK텔레콤(017670) 4pt 차단: RSI=0(데이터없음)
🚫 KT(030200) 3pt 차단: RSI=0(데이터없음)
🚫 대한항공(003490) 3pt 차단: RSI=0(데이터없음)
🚫 현대제철(004020) 4pt 차단: RSI=0(데이터없음)
🚫 GS(078930) 4pt 차단: RSI=0(데이터없음)
→ 전종목 HOLD
✅ Discord 전송 완료

[09:38] HOLD | KODEX RSI56/-1.0%⬆️ | 보유:없음 | 최고신호 HPSP(403870) 4pt/3pt [강세+1.0%★ / 호가2.9★]
💰 예수금 100,264원 | KODEX200 RSI55/-1.1% 상승추세⬆️  | 매수기준 점수3pt↑

코드      종목명           가격    RSI     변화율    거래량     BB   호가비  B/S
────────────────────────────────────────────────────────────────────────
[2단계 분석 대상: 000720, 010950, 000150, 005930, 004020]
403870  HPSP      65,100    0.0    +0.0%    0.0x     중간  4.02  4pt/0 [일봉]
011200  HMM       22,550    0.0    +0.0%    0.0x     중간  0.59  2pt/0 [일봉]
015760  한국전력      41,450    0.0    +0.0%    0.0x     중간  4.09  4pt/0 [일봉]
035720  카카오       40,250    0.0    +0.0%    0.0x     중간  1.17  2pt/0 [일봉]
017670  SK텔레콤     99,400    0.0    +0.0%    0.0x     중간  1.69  3pt/0 [일봉]
030200  KT        56,600    0.0    +0.0%    0.0x     중간  1.54  3pt/0 [일봉]
003490  대한항공      29,050    0.0    +0.0%    0.0x     중간  1.96  3pt/0 [일봉]
004020  현대제철      35,000   65.2    -2.4%    0.2x     하단  4.11  4pt/0 [5분]
078930  GS        76,400    0.0    +0.0%    0.0x     중간  2.11  4pt/0 [일봉]

══════════════════════════════════════════════════
🚫 HPSP(403870) 4pt 차단: RSI=0(데이터없음)
🚫 한국전력(015760) 4pt 차단: RSI=0(데이터없음)
🚫 SK텔레콤(017670) 3pt 차단: RSI=0(데이터없음)
🚫 KT(030200) 3pt 차단: RSI=0(데이터없음)
🚫 대한항공(003490) 3pt 차단: RSI=0(데이터없음)
🚫 현대제철(004020) 4pt 차단: chg-2.4%<기준
🚫 GS(078930) 4pt 차단: RSI=0(데이터없음)
→ 전종목 HOLD
✅ Discord 전송 완료

[09:40] HOLD | KODEX RSI55/-1.1%⬆️ | 보유:없음 | 최고신호 HPSP(403870) 4pt/3pt [강세+1.1%★ / 호가4.0★]
💰 예수금 100,264원 | KODEX200 RSI56/-1.0% 상승추세⬆️  | 매수기준 점수3pt↑

코드      종목명           가격    RSI     변화율    거래량     BB   호가비  B/S
────────────────────────────────────────────────────────────────────────
[2단계 분석 대상: 010950, 403870, 000720, 005930, 086790]
403870  HPSP      64,600   78.6    -2.7%    0.6x     하단 14.38  4pt/0 [5분]
011200  HMM       22,600    0.0    +0.0%    0.0x     중간  0.51  2pt/0 [일봉]
015760  한국전력      41,550    0.0    +0.0%    0.0x     중간  2.37  4pt/0 [일봉]
035720  카카오       40,250    0.0    +0.0%    0.0x     중간  1.32  3pt/0 [일봉]
017670  SK텔레콤     99,200    0.0    +0.0%    0.0x     중간  2.38  4pt/0 [일봉]
030200  KT        56,500    0.0    +0.0%    0.0x     중간  1.66  3pt/0 [일봉]
003490  대한항공      29,050    0.0    +0.0%    0.0x     중간  1.84  3pt/0 [일봉]
004020  현대제철      34,950    0.0    +0.0%    0.0x     중간  2.76  4pt/0 [일봉]
078930  GS        76,200    0.0    +0.0%    0.0x     중간  2.91  4pt/0 [일봉]

══════════════════════════════════════════════════
🚫 HPSP(403870) 4pt 차단: chg-2.7%<기준 / RSI과열79
🚫 한국전력(015760) 4pt 차단: RSI=0(데이터없음)
🚫 카카오(035720) 3pt 차단: RSI=0(데이터없음)
🚫 SK텔레콤(017670) 4pt 차단: RSI=0(데이터없음)
🚫 KT(030200) 3pt 차단: RSI=0(데이터없음)
🚫 대한항공(003490) 3pt 차단: RSI=0(데이터없음)
🚫 현대제철(004020) 4pt 차단: RSI=0(데이터없음)
🚫 GS(078930) 4pt 차단: RSI=0(데이터없음)
→ 전종목 HOLD
✅ Discord 전송 완료

[09:42] HOLD | KODEX RSI56/-1.0%⬆️ | 보유:없음 | 최고신호 HPSP(403870) 4pt/3pt [호가14.4★ / 연속상승 / MA골든]
💰 예수금 100,264원 | KODEX200 RSI56/-0.8% 상승추세⬆️  | 매수기준 점수3pt↑

코드      종목명           가격    RSI     변화율    거래량     BB   호가비  B/S
────────────────────────────────────────────────────────────────────────
[2단계 분석 대상: 000720, 403870, 010950, 247540, 066970]
403870  HPSP      64,300   80.0    -2.6%    0.6x     하단  9.37  3pt/0 [5분]
011200  HMM       22,550    0.0    +0.0%    0.0x     중간  0.54  2pt/0 [일봉]
015760  한국전력      41,450    0.0    +0.0%    0.0x     중간  1.75  3pt/0 [일봉]
035720  카카오       40,150    0.0    +0.0%    0.0x     중간  2.31  4pt/0 [일봉]
017670  SK텔레콤     99,100    0.0    +0.0%    0.0x     중간  3.25  4pt/0 [일봉]
030200  KT        56,600    0.0    +0.0%    0.0x     중간  1.58  3pt/0 [일봉]
003490  대한항공      29,000    0.0    +0.0%    0.0x     중간  3.38  4pt/0 [일봉]
004020  현대제철      34,950    0.0    +0.0%    0.0x     중간  3.31  4pt/0 [일봉]
078930  GS        76,300    0.0    +0.0%    0.0x     중간  2.19  4pt/0 [일봉]

══════════════════════════════════════════════════
🚫 HPSP(403870) 3pt 차단: chg-2.6%<기준 / RSI과열80
🚫 한국전력(015760) 3pt 차단: RSI=0(데이터없음)
🚫 카카오(035720) 4pt 차단: RSI=0(데이터없음)
🚫 SK텔레콤(017670) 4pt 차단: RSI=0(데이터없음)
🚫 KT(030200) 3pt 차단: RSI=0(데이터없음)
🚫 대한항공(003490) 4pt 차단: RSI=0(데이터없음)
🚫 현대제철(004020) 4pt 차단: RSI=0(데이터없음)
🚫 GS(078930) 4pt 차단: RSI=0(데이터없음)
→ 전종목 HOLD
✅ Discord 전송 완료

[09:44] HOLD | KODEX RSI56/-0.8%⬆️ | 보유:없음 | 최고신호 카카오(035720) 4pt/3pt [강세+0.8%★ / 호가2.3★]
💰 예수금 100,264원 | KODEX200 RSI55/-1.1% 상승추세⬆️  | 매수기준 점수3pt↑

코드      종목명           가격    RSI     변화율    거래량     BB   호가비  B/S
────────────────────────────────────────────────────────────────────────
[2단계 분석 대상: 010950, 247540, 086520, 403870, 000720]
403870  HPSP      64,300   80.0    -3.6%    0.7x     하단  7.26  3pt/0 [5분]
011200  HMM       22,500    0.0    +0.0%    0.0x     중간  0.84  2pt/0 [일봉]
015760  한국전력      41,200    0.0    +0.0%    0.0x     중간  1.27  2pt/0 [일봉]
035720  카카오       40,100    0.0    +0.0%    0.0x     중간  3.39  4pt/0 [일봉]
017670  SK텔레콤     99,000    0.0    +0.0%    0.0x     중간  5.86  4pt/0 [일봉]
030200  KT        56,500    0.0    +0.0%    0.0x     중간  1.69  3pt/0 [일봉]
003490  대한항공      29,000    0.0    +0.0%    0.0x     중간  3.27  4pt/0 [일봉]
004020  현대제철      34,950    0.0    +0.0%    0.0x     중간  2.38  4pt/0 [일봉]
078930  GS        76,200    0.0    +0.0%    0.0x     중간  2.35  4pt/0 [일봉]

══════════════════════════════════════════════════
🚫 HPSP(403870) 3pt 차단: chg-3.6%<기준 / RSI과열80
🚫 카카오(035720) 4pt 차단: RSI=0(데이터없음)
🚫 SK텔레콤(017670) 4pt 차단: RSI=0(데이터없음)
🚫 KT(030200) 3pt 차단: RSI=0(데이터없음)
🚫 대한항공(003490) 4pt 차단: RSI=0(데이터없음)
🚫 현대제철(004020) 4pt 차단: RSI=0(데이터없음)
🚫 GS(078930) 4pt 차단: RSI=0(데이터없음)
→ 전종목 HOLD
✅ Discord 전송 완료

[09:46] HOLD | KODEX RSI55/-1.1%⬆️ | 보유:없음 | 최고신호 카카오(035720) 4pt/3pt [강세+1.1%★ / 호가3.4★]
💰 예수금 100,264원 | KODEX200 RSI55/-1.1% 상승추세⬆️  | 매수기준 점수3pt↑

코드      종목명           가격    RSI     변화율    거래량     BB   호가비  B/S
────────────────────────────────────────────────────────────────────────
[2단계 분석 대상: 247540, 010950, 086520, 000150, 096770]
403870  HPSP      64,200    0.0    +0.0%    0.0x     중간  3.92  4pt/0 [일봉]
011200  HMM       22,450    0.0    +0.0%    0.0x     중간  0.90  2pt/0 [일봉]
015760  한국전력      41,350    0.0    +0.0%    0.0x     중간  1.20  2pt/0 [일봉]
035720  카카오       40,150    0.0    +0.0%    0.0x     중간  2.33  4pt/0 [일봉]
017670  SK텔레콤     99,000    0.0    +0.0%    0.0x     중간  5.95  4pt/0 [일봉]
030200  KT        56,600    0.0    +0.0%    0.0x     중간  1.48  3pt/0 [일봉]
003490  대한항공      29,000    0.0    +0.0%    0.0x     중간  3.02  4pt/0 [일봉]
004020  현대제철      34,900    0.0    +0.0%    0.0x     중간  2.19  4pt/0 [일봉]
078930  GS        76,200    0.0    +0.0%    0.0x     중간  3.27  4pt/0 [일봉]

══════════════════════════════════════════════════
🚫 HPSP(403870) 4pt 차단: RSI=0(데이터없음)
🚫 카카오(035720) 4pt 차단: RSI=0(데이터없음)
🚫 SK텔레콤(017670) 4pt 차단: RSI=0(데이터없음)
🚫 KT(030200) 3pt 차단: RSI=0(데이터없음)
🚫 대한항공(003490) 4pt 차단: RSI=0(데이터없음)
🚫 현대제철(004020) 4pt 차단: RSI=0(데이터없음)
🚫 GS(078930) 4pt 차단: RSI=0(데이터없음)
→ 전종목 HOLD
✅ Discord 전송 완료

[09:48] HOLD | KODEX RSI55/-1.1%⬆️ | 보유:없음 | 최고신호 HPSP(403870) 4pt/3pt [강세+1.1%★ / 호가3.9★]
💰 예수금 100,264원 | KODEX200 RSI55/-1.1% 상승추세⬆️  | 매수기준 점수3pt↑

코드      종목명           가격    RSI     변화율    거래량     BB   호가비  B/S
────────────────────────────────────────────────────────────────────────
[2단계 분석 대상: 066970, 086520, 000150, 010950, 017670]
403870  HPSP      64,000    0.0    +0.0%    0.0x     중간  4.55  4pt/0 [일봉]
011200  HMM       22,600    0.0    +0.0%    0.0x     중간  0.46  2pt/0 [일봉]
015760  한국전력      41,350    0.0    +0.0%    0.0x     중간  1.25  2pt/0 [일봉]
035720  카카오       40,150    0.0    +0.0%    0.0x     중간  2.20  4pt/0 [일봉]
017670  SK텔레콤     99,000   80.2    -1.2%    0.1x     하단  7.15  3pt/0 [5분]
030200  KT        56,600    0.0    +0.0%    0.0x     중간  1.57  3pt/0 [일봉]
003490  대한항공      29,000    0.0    +0.0%    0.0x     중간  2.86  4pt/0 [일봉]
004020  현대제철      35,000    0.0    +0.0%    0.0x     중간  2.68  4pt/0 [일봉]
078930  GS        76,300    0.0    +0.0%    0.0x     중간  7.07  4pt/0 [일봉]

══════════════════════════════════════════════════
🚫 HPSP(403870) 4pt 차단: RSI=0(데이터없음)
🚫 카카오(035720) 4pt 차단: RSI=0(데이터없음)
🚫 SK텔레콤(017670) 3pt 차단: chg-1.2%<기준 / RSI과열80
🚫 KT(030200) 3pt 차단: RSI=0(데이터없음)
🚫 대한항공(003490) 4pt 차단: RSI=0(데이터없음)
🚫 현대제철(004020) 4pt 차단: RSI=0(데이터없음)
🚫 GS(078930) 4pt 차단: RSI=0(데이터없음)
→ 전종목 HOLD
✅ Discord 전송 완료

[09:50] HOLD | KODEX RSI55/-1.1%⬆️ | 보유:없음 | 최고신호 HPSP(403870) 4pt/3pt [강세+1.1%★ / 호가4.5★]
💰 예수금 100,264원 | KODEX200 RSI55/-1.3% 상승추세⬆️  | 매수기준 점수3pt↑

코드      종목명           가격    RSI     변화율    거래량     BB   호가비  B/S
────────────────────────────────────────────────────────────────────────
[2단계 분석 대상: 010950, 066970, 000720, 078930, 096770]
403870  HPSP      63,500    0.0    +0.0%    0.0x     중간  2.08  4pt/0 [일봉]
011200  HMM       22,700    0.0    +0.0%    0.0x     중간  0.41  2pt/0 [일봉]
015760  한국전력      41,500    0.0    +0.0%    0.0x     중간  1.23  2pt/0 [일봉]
035720  카카오       40,100    0.0    +0.0%    0.0x     중간  2.46  4pt/0 [일봉]
017670  SK텔레콤     99,000    0.0    +0.0%    0.0x     중간  5.95  4pt/0 [일봉]
030200  KT        56,700    0.0    +0.0%    0.0x     중간  1.59  3pt/0 [일봉]
003490  대한항공      28,950    0.0    +0.0%    0.0x     중간  3.43  4pt/0 [일봉]
004020  현대제철      34,950    0.0    +0.0%    0.0x     중간  3.43  4pt/0 [일봉]
078930  GS        76,400   18.6    -3.7%    0.2x     중간  8.82  4pt/0 [5분]

══════════════════════════════════════════════════
🚫 HPSP(403870) 4pt 차단: RSI=0(데이터없음)
🚫 카카오(035720) 4pt 차단: RSI=0(데이터없음)
🚫 SK텔레콤(017670) 4pt 차단: RSI=0(데이터없음)
🚫 KT(030200) 3pt 차단: RSI=0(데이터없음)
🚫 대한항공(003490) 4pt 차단: RSI=0(데이터없음)
🚫 현대제철(004020) 4pt 차단: RSI=0(데이터없음)
🚫 GS(078930) 4pt 차단: chg-3.7%<기준
→ 전종목 HOLD
✅ Discord 전송 완료

[09:52] HOLD | KODEX RSI55/-1.3%⬆️ | 보유:없음 | 최고신호 HPSP(403870) 4pt/3pt [강세+1.3%★ / 호가2.1★]
💰 예수금 100,264원 | KODEX200 RSI55/-1.3% 상승추세⬆️  | 매수기준 점수3pt↑

코드      종목명           가격    RSI     변화율    거래량     BB   호가비  B/S
────────────────────────────────────────────────────────────────────────
[2단계 분석 대상: 078930, 066970, 010950, 086520, 000150]
403870  HPSP      63,300    0.0    +0.0%    0.0x     중간  2.21  4pt/0 [일봉]
011200  HMM       22,700    0.0    +0.0%    0.0x     중간  0.43  2pt/0 [일봉]
015760  한국전력      41,400    0.0    +0.0%    0.0x     중간  2.00  4pt/0 [일봉]
035720  카카오       40,100    0.0    +0.0%    0.0x     중간  2.24  4pt/0 [일봉]
017670  SK텔레콤     98,700    0.0    +0.0%    0.0x     중간  6.18  4pt/0 [일봉]
030200  KT        56,700    0.0    +0.0%    0.0x     중간  1.33  3pt/0 [일봉]
003490  대한항공      28,900    0.0    +0.0%    0.0x     중간  3.69  4pt/0 [일봉]
004020  현대제철      35,300    0.0    +0.0%    0.0x     중간  1.15  2pt/0 [일봉]
078930  GS        77,100   18.6    -2.8%    0.2x     중간 19.97  4pt/0 [5분]

══════════════════════════════════════════════════
🚫 HPSP(403870) 4pt 차단: RSI=0(데이터없음)
🚫 한국전력(015760) 4pt 차단: RSI=0(데이터없음)
🚫 카카오(035720) 4pt 차단: RSI=0(데이터없음)
🚫 SK텔레콤(017670) 4pt 차단: RSI=0(데이터없음)
🚫 KT(030200) 3pt 차단: RSI=0(데이터없음)
🚫 대한항공(003490) 4pt 차단: RSI=0(데이터없음)
🚫 GS(078930) 4pt 차단: chg-2.8%<기준 / 호가비이상20.0
→ 전종목 HOLD
✅ Discord 전송 완료

[09:54] HOLD | KODEX RSI55/-1.3%⬆️ | 보유:없음 | 최고신호 HPSP(403870) 4pt/3pt [강세+1.3%★ / 호가2.2★]
💰 예수금 100,264원 | KODEX200 RSI55/-1.3% 상승추세⬆️  | 매수기준 점수3pt↑

코드      종목명           가격    RSI     변화율    거래량     BB   호가비  B/S
────────────────────────────────────────────────────────────────────────
[2단계 분석 대상: 066970, 078930, 017670, 000150, 086520]
403870  HPSP      63,200    0.0    +0.0%    0.0x     중간  2.70  4pt/0 [일봉]
011200  HMM       22,700    0.0    +0.0%    0.0x     중간  0.41  2pt/0 [일봉]
015760  한국전력      41,450    0.0    +0.0%    0.0x     중간  1.35  3pt/0 [일봉]
035720  카카오       40,250    0.0    +0.0%    0.0x     중간  1.78  3pt/0 [일봉]
017670  SK텔레콤     98,800   83.8    -1.3%    0.1x     하단  7.83  3pt/0 [5분]
030200  KT        56,700    0.0    +0.0%    0.0x     중간  1.03  2pt/0 [일봉]
003490  대한항공      28,950    0.0    +0.0%    0.0x     중간  3.53  4pt/0 [일봉]
004020  현대제철      35,150    0.0    +0.0%    0.0x     중간  2.18  4pt/0 [일봉]
078930  GS        77,200   16.7    -2.5%    0.2x     중간  9.00  4pt/0 [5분]

══════════════════════════════════════════════════
🚫 HPSP(403870) 4pt 차단: RSI=0(데이터없음)
🚫 한국전력(015760) 3pt 차단: RSI=0(데이터없음)
🚫 카카오(035720) 3pt 차단: RSI=0(데이터없음)
🚫 SK텔레콤(017670) 3pt 차단: chg-1.3%<기준 / RSI과열84
🚫 대한항공(003490) 4pt 차단: RSI=0(데이터없음)
🚫 현대제철(004020) 4pt 차단: RSI=0(데이터없음)
🚫 GS(078930) 4pt 차단: chg-2.5%<기준
→ 전종목 HOLD
✅ Discord 전송 완료

[09:56] HOLD | KODEX RSI55/-1.3%⬆️ | 보유:없음 | 최고신호 HPSP(403870) 4pt/3pt [강세+1.3%★ / 호가2.7★]
💰 예수금 100,264원 | KODEX200 RSI55/-1.1% 상승추세⬆️  | 매수기준 점수3pt↑

코드      종목명           가격    RSI     변화율    거래량     BB   호가비  B/S
────────────────────────────────────────────────────────────────────────
[2단계 분석 대상: 000720, 017670, 086520, 066970, 247540]
403870  HPSP      63,600    0.0    +0.0%    0.0x     중간  1.84  3pt/0 [일봉]
011200  HMM       22,700    0.0    +0.0%    0.0x     중간  0.40  2pt/0 [일봉]
015760  한국전력      41,350    0.0    +0.0%    0.0x     중간  3.48  4pt/0 [일봉]
035720  카카오       40,200    0.0    +0.0%    0.0x     중간  2.73  4pt/0 [일봉]
017670  SK텔레콤     98,800   83.8    -1.3%    0.1x     하단  7.62  3pt/0 [5분]
030200  KT        56,700    0.0    +0.0%    0.0x     중간  1.08  2pt/0 [일봉]
003490  대한항공      28,950    0.0    +0.0%    0.0x     중간  3.88  4pt/0 [일봉]
004020  현대제철      35,300    0.0    +0.0%    0.0x     중간  1.25  2pt/0 [일봉]
078930  GS        77,100    0.0    +0.0%    0.0x     중간  3.97  4pt/0 [일봉]

══════════════════════════════════════════════════
🚫 HPSP(403870) 3pt 차단: RSI=0(데이터없음)
🚫 한국전력(015760) 4pt 차단: RSI=0(데이터없음)
🚫 카카오(035720) 4pt 차단: RSI=0(데이터없음)
🚫 SK텔레콤(017670) 3pt 차단: chg-1.3%<기준 / RSI과열84
🚫 대한항공(003490) 4pt 차단: RSI=0(데이터없음)
🚫 GS(078930) 4pt 차단: RSI=0(데이터없음)
→ 전종목 HOLD
✅ Discord 전송 완료

[09:58] HOLD | KODEX RSI55/-1.1%⬆️ | 보유:없음 | 최고신호 한국전력(015760) 4pt/3pt [강세+1.1%★ / 호가3.5★]
💰 예수금 100,264원 | KODEX200 RSI56/-0.9% 상승추세⬆️  | 매수기준 점수3pt↑

코드      종목명           가격    RSI     변화율    거래량     BB   호가비  B/S
────────────────────────────────────────────────────────────────────────
[2단계 분석 대상: 000720, 078930, 017670, 086520, 096770]
403870  HPSP      63,400    0.0    +0.0%    0.0x     중간  2.59  4pt/0 [일봉]
011200  HMM       22,650    0.0    +0.0%    0.0x     중간  0.43  2pt/0 [일봉]
015760  한국전력      41,200    0.0    +0.0%    0.0x     중간  2.51  4pt/0 [일봉]
035720  카카오       40,450    0.0    +0.0%    0.0x     중간  1.05  2pt/0 [일봉]
017670  SK텔레콤     98,900   84.2    -1.3%    0.1x     하단  6.41  3pt/0 [5분]
030200  KT        56,800    0.0    +0.0%    0.0x     중간  1.01  2pt/0 [일봉]
003490  대한항공      29,100    0.0    +0.0%    0.0x     중간  1.72  3pt/0 [일봉]
004020  현대제철      35,400    0.0    +0.0%    0.0x     중간  0.73  2pt/0 [일봉]
078930  GS        77,000   23.9    -3.2%    0.2x     중간  7.17  3pt/0 [5분]

══════════════════════════════════════════════════
🚫 HPSP(403870) 4pt 차단: RSI=0(데이터없음)
🚫 한국전력(015760) 4pt 차단: RSI=0(데이터없음)
🚫 SK텔레콤(017670) 3pt 차단: chg-1.3%<기준 / RSI과열84
🚫 대한항공(003490) 3pt 차단: RSI=0(데이터없음)
🚫 GS(078930) 3pt 차단: chg-3.2%<기준
→ 전종목 HOLD
✅ Discord 전송 완료

[10:00] HOLD | KODEX RSI56/-0.9%⬆️ | 보유:없음 | 최고신호 HPSP(403870) 4pt/3pt [강세+0.9%★ / 호가2.6★]
💰 예수금 100,264원 | KODEX200 RSI56/-1.0% 상승추세⬆️  | 매수기준 점수3pt↑

코드      종목명           가격    RSI     변화율    거래량     BB   호가비  B/S
────────────────────────────────────────────────────────────────────────
[2단계 분석 대상: 000720, 272210, 017670, 096770, 086520]
403870  HPSP      63,200    0.0    +0.0%    0.0x     중간  3.68  4pt/0 [일봉]
011200  HMM       22,550    0.0    +0.0%    0.0x     중간  0.47  2pt/0 [일봉]
015760  한국전력      41,100    0.0    +0.0%    0.0x     중간  3.00  4pt/0 [일봉]
035720  카카오       40,500    0.0    +0.0%    0.0x     중간  0.80  2pt/0 [일봉]
017670  SK텔레콤     98,700   84.2    -1.5%    0.1x     하단  7.04  3pt/0 [5분]
030200  KT        56,800    0.0    +0.0%    0.0x     중간  0.84  2pt/0 [일봉]
003490  대한항공      29,050    0.0    +0.0%    0.0x     중간  2.33  4pt/0 [일봉]
004020  현대제철      35,400    0.0    +0.0%    0.0x     중간  0.58  2pt/0 [일봉]
078930  GS        76,900    0.0    +0.0%    0.0x     중간  5.11  4pt/0 [일봉]

══════════════════════════════════════════════════
🚫 HPSP(403870) 4pt 차단: RSI=0(데이터없음)
🚫 한국전력(015760) 4pt 차단: RSI=0(데이터없음)
🚫 SK텔레콤(017670) 3pt 차단: chg-1.5%<기준 / RSI과열84
🚫 대한항공(003490) 4pt 차단: RSI=0(데이터없음)
🚫 GS(078930) 4pt 차단: RSI=0(데이터없음)
→ 전종목 HOLD
✅ Discord 전송 완료

[10:02] HOLD | KODEX RSI56/-1.0%⬆️ | 보유:없음 | 최고신호 HPSP(403870) 4pt/3pt [강세+1.0%★ / 호가3.7★]
💰 예수금 100,264원 | KODEX200 RSI56/-0.9% 상승추세⬆️  | 매수기준 점수3pt↑

코드      종목명           가격    RSI     변화율    거래량     BB   호가비  B/S
────────────────────────────────────────────────────────────────────────
[2단계 분석 대상: 078930, 000720, 017670, 000150, 086520]
403870  HPSP      63,000    0.0    +0.0%    0.0x     중간  4.87  4pt/0 [일봉]
011200  HMM       22,600    0.0    +0.0%    0.0x     중간  0.44  2pt/0 [일봉]
015760  한국전력      41,050    0.0    +0.0%    0.0x     중간  3.05  4pt/0 [일봉]
035720  카카오       40,450    0.0    +0.0%    0.0x     중간  0.37  2pt/0 [일봉]
017670  SK텔레콤     98,600   75.0    -1.6%    0.1x     하단  7.82  3pt/0 [5분]
030200  KT        56,800    0.0    +0.0%    0.0x     중간  0.84  2pt/0 [일봉]
003490  대한항공      29,000    0.0    +0.0%    0.0x     중간  3.62  4pt/0 [일봉]
004020  현대제철      35,400    0.0    +0.0%    0.0x     중간  0.84  2pt/0 [일봉]
078930  GS        77,200   23.9    -2.6%    0.3x     중간 10.45  4pt/0 [5분]

══════════════════════════════════════════════════
🚫 HPSP(403870) 4pt 차단: RSI=0(데이터없음)
🚫 한국전력(015760) 4pt 차단: RSI=0(데이터없음)
🚫 SK텔레콤(017670) 3pt 차단: chg-1.6%<기준
🚫 대한항공(003490) 4pt 차단: RSI=0(데이터없음)
🚫 GS(078930) 4pt 차단: chg-2.6%<기준
→ 전종목 HOLD
✅ Discord 전송 완료

[10:04] HOLD | KODEX RSI56/-0.9%⬆️ | 보유:없음 | 최고신호 HPSP(403870) 4pt/3pt [강세+0.9%★ / 호가4.9★]
💰 예수금 100,264원 | KODEX200 RSI56/-0.6% 상승추세⬆️  | 매수기준 점수3pt↑

코드      종목명           가격    RSI     변화율    거래량     BB   호가비  B/S
────────────────────────────────────────────────────────────────────────
[2단계 분석 대상: 078930, 000720, 017670, 096770, 086520]
403870  HPSP      63,200    0.0    +0.0%    0.0x     중간  2.08  4pt/0 [일봉]
011200  HMM       22,500    0.0    +0.0%    0.0x     중간  0.95  2pt/0 [일봉]
015760  한국전력      41,100    0.0    +0.0%    0.0x     중간  2.98  4pt/0 [일봉]
035720  카카오       40,550    0.0    +0.0%    0.0x     중간  0.20  2pt/0 [일봉]
017670  SK텔레콤     98,800   75.0    -1.3%    0.1x     하단  8.07  3pt/0 [5분]
030200  KT        56,800    0.0    +0.0%    0.0x     중간  0.76  2pt/0 [일봉]
003490  대한항공      29,000    0.0    +0.0%    0.0x     중간  3.61  4pt/0 [일봉]
004020  현대제철      35,400    0.0    +0.0%    0.0x     중간  0.89  2pt/0 [일봉]
078930  GS        77,300   20.8    -2.5%    0.3x     중간 13.65  5pt/0 [5분]

══════════════════════════════════════════════════
🚫 HPSP(403870) 4pt 차단: RSI=0(데이터없음)
🚫 한국전력(015760) 4pt 차단: RSI=0(데이터없음)
🚫 SK텔레콤(017670) 3pt 차단: chg-1.3%<기준
🚫 대한항공(003490) 4pt 차단: RSI=0(데이터없음)
🚫 GS(078930) 5pt 차단: chg-2.5%<기준
→ 전종목 HOLD
✅ Discord 전송 완료

[10:06] HOLD | KODEX RSI56/-0.6%⬆️ | 보유:없음 | 최고신호 GS(078930) 5pt/3pt [호가13.7★ / 고점돌파 / 볼륨스파이크★]
💰 예수금 100,264원 | KODEX200 RSI56/-0.7% 상승추세⬆️  | 매수기준 점수3pt↑

코드      종목명           가격    RSI     변화율    거래량     BB   호가비  B/S
────────────────────────────────────────────────────────────────────────
[2단계 분석 대상: 078930, 017670, 000720, 005930, 403870]
403870  HPSP      63,200   84.1    -4.5%    0.8x     하단  2.37  4pt/0 [5분]
011200  HMM       22,500    0.0    +0.0%    0.0x     중간  1.18  2pt/0 [일봉]
015760  한국전력      41,300    0.0    +0.0%    0.0x     중간  2.04  4pt/0 [일봉]
035720  카카오       40,650    0.0    +0.0%    0.0x     중간  1.21  2pt/0 [일봉]
017670  SK텔레콤     98,700   75.0    -1.4%    0.1x     하단  8.82  3pt/0 [5분]
030200  KT        56,800    0.0    +0.0%    0.0x     중간  0.81  2pt/0 [일봉]
003490  대한항공      29,050    0.0    +0.0%    0.0x     중간  2.04  4pt/0 [일봉]
004020  현대제철      35,350    0.0    +0.0%    0.0x     중간  1.04  2pt/0 [일봉]
078930  GS        77,100   20.8    -2.6%    0.3x     중간 11.84  4pt/0 [5분]

══════════════════════════════════════════════════
🚫 HPSP(403870) 4pt 차단: chg-4.5%<기준 / RSI과열84
🚫 한국전력(015760) 4pt 차단: RSI=0(데이터없음)
🚫 SK텔레콤(017670) 3pt 차단: chg-1.4%<기준
🚫 대한항공(003490) 4pt 차단: RSI=0(데이터없음)
🚫 GS(078930) 4pt 차단: chg-2.6%<기준
→ 전종목 HOLD
✅ Discord 전송 완료

[10:08] HOLD | KODEX RSI56/-0.7%⬆️ | 보유:없음 | 최고신호 HPSP(403870) 4pt/3pt [호가2.4★ / 볼륨급증 / MA골든]
💰 예수금 100,264원 | KODEX200 RSI56/-0.7% 상승추세⬆️  | 매수기준 점수3pt↑

코드      종목명           가격    RSI     변화율    거래량     BB   호가비  B/S
────────────────────────────────────────────────────────────────────────
[2단계 분석 대상: 078930, 017670, 000720, 005930, 403870]
403870  HPSP      63,100   88.4    -4.8%    0.8x     하단  3.08  3pt/0 [5분]
011200  HMM       22,500    0.0    +0.0%    0.0x     중간  1.28  2pt/0 [일봉]
015760  한국전력      41,150    0.0    +0.0%    0.0x     중간  2.75  4pt/0 [일봉]
035720  카카오       40,700    0.0    +0.0%    0.0x     중간  0.21  2pt/0 [일봉]
017670  SK텔레콤     98,700   81.0    -1.5%    0.1x     하단  7.95  3pt/0 [5분]
030200  KT        56,800    0.0    +0.0%    0.0x     중간  0.83  2pt/0 [일봉]
003490  대한항공      29,050    0.0    +0.0%    0.0x     중간  2.08  4pt/0 [일봉]
004020  현대제철      35,400    0.0    +0.0%    0.0x     중간  0.99  2pt/0 [일봉]
078930  GS        77,200   28.3    -2.5%    0.3x     중간 21.97  2pt/0 [5분]

══════════════════════════════════════════════════
🚫 HPSP(403870) 3pt 차단: chg-4.8%<기준 / RSI과열88
🚫 한국전력(015760) 4pt 차단: RSI=0(데이터없음)
🚫 SK텔레콤(017670) 3pt 차단: chg-1.5%<기준 / RSI과열81
🚫 대한항공(003490) 4pt 차단: RSI=0(데이터없음)
→ 전종목 HOLD
✅ Discord 전송 완료

[10:10] HOLD | KODEX RSI56/-0.7%⬆️ | 보유:없음 | 최고신호 한국전력(015760) 4pt/3pt [강세+0.7%★ / 호가2.8★]
💰 예수금 100,264원 | KODEX200 RSI56/-0.5% 상승추세⬆️  | 매수기준 점수3pt↑

코드      종목명           가격    RSI     변화율    거래량     BB   호가비  B/S
────────────────────────────────────────────────────────────────────────
[2단계 분석 대상: 017670, 003490, 000720, 078930, 015760]
403870  HPSP      63,300    0.0    +0.0%    0.0x     중간  2.34  4pt/0 [일봉]
011200  HMM       22,450    0.0    +0.0%    0.0x     중간  1.36  3pt/0 [일봉]
015760  한국전력      41,150   50.0    +3.4%    1.0x     중간  2.97  7pt/0 [5분]
035720  카카오       40,650    0.0    +0.0%    0.0x     중간  0.20  2pt/0 [일봉]
017670  SK텔레콤     98,700   81.0    -1.5%    0.1x     하단  6.79  3pt/0 [5분]
030200  KT        56,900    0.0    +0.0%    0.0x     중간  0.83  2pt/0 [일봉]
003490  대한항공      28,950   59.5    -1.2%    0.3x     중간  4.39  4pt/0 [5분]
004020  현대제철      35,450    0.0    +0.0%    0.0x     중간  0.79  2pt/0 [일봉]
078930  GS        76,900   28.3    -3.0%    0.3x     중간  3.37  2pt/0 [5분]

══════════════════════════════════════════════════
🚫 HPSP(403870) 4pt 차단: RSI=0(데이터없음)
🚫 HMM(011200) 3pt 차단: RSI=0(데이터없음)
🚫 SK텔레콤(017670) 3pt 차단: chg-1.5%<기준 / RSI과열81
🚫 대한항공(003490) 4pt 차단: chg-1.2%<기준
🟢 BUY 한국전력(015760) 7pt [강세+3.9%★★/호가3.0★/RSI50/MA골든] 목표+2% 신뢰도0.86 ratio0.55
💰 예수금: 100,264원
📊 한국전력(015760) 매도1호가: 41,200원 | 매수1호가: 41,150원
📌 BUY 리스크(6주) vs 신호(1주) → 1주 | 41,150원 = 41,150원
✅ 접수 | 매수 주문 접수: 한국전력 1주 (주문번호: 0305951)
✅ Discord 전송 완료

[10:12] 🟢BUY | KODEX RSI56/-0.5%⬆️ | 예수금 100,264원

🟢 한국전력(015760)  7pt 목표+2%  RSI50 +3.4% 1.0x  [강세+3.9%★★·호가3.0★·RSI50·MA골든]

🔶 HPSP  4pt/3pt  RSI0 +0.0%  [강세+0.5%★·호가2.3★]
🔶 대한항공  4pt/3pt  RSI60 -1.2%  [호가4.4★·RSI60·MA골든]
🔶 HMM  3pt/3pt  RSI0 +0.0%  [강세+0.5%★·호가1.4]
🔶 SK텔레콤  3pt/3pt  RSI81 -1.5%  [호가6.8★·MA골든]
🔶 카카오  2pt/3pt  RSI0 +0.0%  [강세+0.5%★]
🔶 KT  2pt/3pt  RSI0 +0.0%  [강세+0.5%★]
💰 예수금 100,264원 | KODEX200 RSI56/-0.3% 상승추세⬆️  | 매수기준 점수3pt↑

코드      종목명           가격    RSI     변화율    거래량     BB   호가비  B/S
────────────────────────────────────────────────────────────────────────
[2단계 분석 대상: 017670, 003490, 000720, 000150, 015760]
403870  HPSP      63,600    0.0    +0.0%    0.0x     중간  1.60  1pt/0 [일봉]
011200  HMM       22,400    0.0    +0.0%    0.0x     중간  1.54  1pt/0 [일봉]
015760  한국전력      41,250   57.1    +3.3%    1.0x     중간  2.63  7pt/0 [5분]
035720  카카오       40,850    0.0    +0.0%    0.0x     중간  0.41  0pt/0 [일봉]
017670  SK텔레콤     98,900   82.8    -1.3%    0.1x     중간  6.67  3pt/0 [5분]
030200  KT        56,900    0.0    +0.0%    0.0x     중간  0.83  0pt/0 [일봉]
003490  대한항공      28,900   59.5    -1.4%    0.3x     중간  5.50  4pt/0 [5분]
004020  현대제철      35,500    0.0    +0.0%    0.0x     중간  0.82  0pt/0 [일봉]
078930  GS        76,400    0.0    +0.0%    0.0x     중간  0.95  0pt/0 [일봉]

══════════════════════════════════════════════════
🚫 SK텔레콤(017670) 3pt 차단: chg-1.3%<기준 / RSI과열83
🚫 대한항공(003490) 4pt 차단: chg-1.4%<기준
🟢 BUY 한국전력(015760) 7pt [강세+3.5%★★/호가2.6★/RSI57/MA골든] 목표+2% 신뢰도0.86 ratio0.55
💰 예수금: 59,033원
📊 한국전력(015760) 매도1호가: 41,100원 | 매수1호가: 41,050원
📌 BUY 리스크(3주) vs 신호(1주) → 1주 | 41,050원 = 41,050원
✅ 접수 | 매수 주문 접수: 한국전력 1주 (주문번호: 0309665)
✅ Discord 전송 완료

[10:14] 🟢BUY | KODEX RSI56/-0.3%⬆️ | 예수금 100,264원

🟢 한국전력(015760)  7pt 목표+2%  RSI57 +3.3% 1.0x  [강세+3.5%★★·호가2.6★·RSI57·MA골든]

🔶 대한항공  4pt/3pt  RSI60 -1.4%  [호가5.5★·RSI60·MA골든]
🔶 SK텔레콤  3pt/3pt  RSI83 -1.3%  [호가6.7★·MA골든]
🔹 HPSP  1pt/3pt  RSI0 +0.0%  [호가1.6]
🔹 HMM  1pt/3pt  RSI0 +0.0%  [호가1.5]
💰 예수금 59,033원 | KODEX200 RSI56/-0.4% 상승추세⬆️  | 매수기준 점수3pt↑
📦 보유 한국전력(015760) 1주 -0.3%

코드      종목명           가격    RSI     변화율    거래량     BB   호가비  B/S
────────────────────────────────────────────────────────────────────────
[2단계 분석 대상: 015760, 017670, 000720, 003490, 000150, 403870]
011200  HMM       22,400    0.0    +0.0%    0.0x     중간  1.51  3pt/0 [일봉]
015760  한국전력      41,150   57.1    +3.4%    1.0x     중간  2.87  7pt/0 [5분]
035720  카카오       40,800    0.0    +0.0%    0.0x     중간  0.44  2pt/0 [일봉]
030200  KT        56,900    0.0    +0.0%    0.0x     중간  0.74  2pt/0 [일봉]
003490  대한항공      28,950   63.5    -1.4%    0.3x     중간  4.99  4pt/0 [5분]
004020  현대제철      35,400    0.0    +0.0%    0.0x     중간  1.18  2pt/0 [일봉]

══════════════════════════════════════════════════
🚫 HMM(011200) 3pt 차단: RSI=0(데이터없음)
🚫 대한항공(003490) 4pt 차단: chg-1.4%<기준
→ 전종목 HOLD
✅ Discord 전송 완료

[10:16] HOLD | KODEX RSI56/-0.4%⬆️ | 보유:한국전력(015760) -0.3% | 최고신호 한국전력(015760) 7pt/3pt [강세+3.8%★★ / 호가2.9★ / RSI57 / MA골든]
💰 예수금 59,032원 | KODEX200 RSI56/-0.4% 상승추세⬆️  | 매수기준 점수3pt↑
📦 보유 한국전력(015760) 1주 +0.3%

코드      종목명           가격    RSI     변화율    거래량     BB   호가비  B/S
────────────────────────────────────────────────────────────────────────
[2단계 분석 대상: 015760, 017670, 000720, 003490, 042660, 403870]
011200  HMM       22,350    0.0    +0.0%    0.0x     중간  1.67  3pt/0 [일봉]
015760  한국전력      41,450   57.1    +4.2%    1.0x     중간  1.40  7pt/0 [5분]
035720  카카오       40,900    0.0    +0.0%    0.0x     중간  0.47  2pt/0 [일봉]
030200  KT        56,800    0.0    +0.0%    0.0x     중간  0.72  2pt/0 [일봉]
003490  대한항공      29,000   63.5    -1.0%    0.3x     중간  3.94  4pt/0 [5분]
004020  현대제철      35,550    0.0    +0.0%    0.0x     중간  1.18  2pt/0 [일봉]

══════════════════════════════════════════════════
🚫 HMM(011200) 3pt 차단: RSI=0(데이터없음)
🚫 대한항공(003490) 4pt 차단: chg-1.0%<기준
→ 전종목 HOLD
✅ Discord 전송 완료

[10:18] HOLD | KODEX RSI56/-0.4%⬆️ | 보유:한국전력(015760) +0.3% | 최고신호 한국전력(015760) 7pt/3pt [강세+4.5%★★ / 거래량1.0x / 호가1.4 / RSI57 / MA골든]
💰 예수금 59,032원 | KODEX200 RSI56/-0.4% 상승추세⬆️  | 매수기준 점수3pt↑
📦 보유 한국전력(015760) 1주 +0.8%

코드      종목명           가격    RSI     변화율    거래량     BB   호가비  B/S
────────────────────────────────────────────────────────────────────────
[2단계 분석 대상: 015760, 000720, 000150, 017670, 005930, 403870]
011200  HMM       22,350    0.0    +0.0%    0.0x     중간  1.43  3pt/0 [일봉]
015760  한국전력      41,550   54.3    +4.4%    1.0x     중간  0.75  7pt/0 [5분]
035720  카카오       41,100    0.0    +0.0%    0.0x     중간  0.61  2pt/0 [일봉]
030200  KT        56,900    0.0    +0.0%    0.0x     중간  0.63  2pt/0 [일봉]
003490  대한항공      29,100    0.0    +0.0%    0.0x     중간  1.76  3pt/0 [일봉]
004020  현대제철      35,600    0.0    +0.0%    0.0x     중간  1.05  2pt/0 [일봉]

══════════════════════════════════════════════════
🚫 HMM(011200) 3pt 차단: RSI=0(데이터없음)
🚫 대한항공(003490) 3pt 차단: RSI=0(데이터없음)
→ 전종목 HOLD
✅ Discord 전송 완료

[10:20] HOLD | KODEX RSI56/-0.4%⬆️ | 보유:한국전력(015760) +0.8% | 최고신호 한국전력(015760) 7pt/3pt [강세+4.8%★★ / 거래량1.0x / RSI54 / 고점돌파 / MA골든]
💰 예수금 59,032원 | KODEX200 RSI56/-0.2% 상승추세⬆️  | 매수기준 점수3pt↑
📦 보유 한국전력(015760) 1주 +0.8%

코드      종목명           가격    RSI     변화율    거래량     BB   호가비  B/S
────────────────────────────────────────────────────────────────────────
[2단계 분석 대상: 015760, 000720, 042660, 403870, 000150, 017670]
011200  HMM       22,400    0.0    +0.0%    0.0x     중간  1.10  0pt/0 [일봉]
015760  한국전력      41,550   54.3    +4.4%    1.0x     중간  0.61  7pt/0 [5분]
035720  카카오       40,800    0.0    +0.0%    0.0x     중간  0.53  0pt/0 [일봉]
030200  KT        56,800    0.0    +0.0%    0.0x     중간  0.67  0pt/0 [일봉]
003490  대한항공      29,100    0.0    +0.0%    0.0x     중간  1.63  1pt/0 [일봉]
004020  현대제철      35,600    0.0    +0.0%    0.0x     중간  1.08  0pt/0 [일봉]

══════════════════════════════════════════════════
→ 전종목 HOLD
✅ Discord 전송 완료

[10:22] HOLD | KODEX RSI56/-0.2%⬆️ | 보유:한국전력(015760) +0.8% | 최고신호 한국전력(015760) 7pt/3pt [강세+4.6%★★ / 거래량1.0x / RSI54 / 고점돌파 / MA골든]
💰 예수금 59,032원 | KODEX200 RSI56/-0.2% 상승추세⬆️  | 매수기준 점수3pt↑
📦 보유 한국전력(015760) 1주 +0.8%

코드      종목명           가격    RSI     변화율    거래량     BB   호가비  B/S
────────────────────────────────────────────────────────────────────────
[2단계 분석 대상: 015760, 000150, 000720, 017670, 403870, 086790]
011200  HMM       22,450    0.0    +0.0%    0.0x     중간  0.87  0pt/0 [일봉]
015760  한국전력      41,600   57.6    +4.5%    1.0x     중간  0.66  8pt/0 [5분]
035720  카카오       40,750    0.0    +0.0%    0.0x     중간  0.57  0pt/0 [일봉]
030200  KT        56,900    0.0    +0.0%    0.0x     중간  0.68  0pt/0 [일봉]
003490  대한항공      29,100    0.0    +0.0%    0.0x     중간  2.39  2pt/0 [일봉]
004020  현대제철      35,550    0.0    +0.0%    0.0x     중간  1.35  1pt/0 [일봉]

══════════════════════════════════════════════════
→ 전종목 HOLD
✅ Discord 전송 완료

[10:24] HOLD | KODEX RSI56/-0.2%⬆️ | 보유:한국전력(015760) +0.8% | 최고신호 한국전력(015760) 8pt/3pt [강세+4.7%★★ / 거래량1.0x / RSI58 / 고점돌파★ / MA골든]
💰 예수금 59,032원 | KODEX200 RSI57/-0.1% 상승추세⬆️  | 매수기준 점수3pt↑
📦 보유 한국전력(015760) 1주 +0.4%

코드      종목명           가격    RSI     변화율    거래량     BB   호가비  B/S
────────────────────────────────────────────────────────────────────────
[2단계 분석 대상: 015760, 000150, 017670, 000880, 042660, 003490]
011200  HMM       22,450    0.0    +0.0%    0.0x     중간  0.93  0pt/0 [일봉]
015760  한국전력      41,300   57.6    +3.8%    1.0x     중간  2.25  8pt/0 [5분]
035720  카카오       40,650    0.0    +0.0%    0.0x     중간  0.98  0pt/0 [일봉]
030200  KT        56,900    0.0    +0.0%    0.0x     중간  0.64  0pt/0 [일봉]
003490  대한항공      29,000   69.8    -1.0%    0.3x     중간  4.16  3pt/0 [5분]
004020  현대제철      35,450    0.0    +0.0%    0.0x     중간  1.27  0pt/0 [일봉]

══════════════════════════════════════════════════
🚫 대한항공(003490) 3pt 차단: chg-1.0%<기준
→ 전종목 HOLD
✅ Discord 전송 완료

[10:26] HOLD | KODEX RSI57/-0.1%⬆️ | 보유:한국전력(015760) +0.4% | 최고신호 한국전력(015760) 8pt/3pt [강세+3.9%★★ / 거래량1.0x / 호가2.2★ / RSI58 / MA골든]
